 Test 3  Transient, leaky, rainfall                          
